CRITICAL - 2025-05-29 12:49:26 --> CodeIgniter\HTTP\Exceptions\BadRequestException: The URI you submitted has disallowed characters: "actualités"
[Method: GET, Route: assets/img/actualit%C3%A9s/act2.jpg]
in SYSTEMPATH\Router\Router.php on line 736.
 1 SYSTEMPATH\Router\Router.php(203): CodeIgniter\Router\Router->checkDisallowedChars('assets/img/actualites/act2.jpg')
 2 SYSTEMPATH\CodeIgniter.php(834): CodeIgniter\Router\Router->handle('assets/img/actualites/act2.jpg')
 3 SYSTEMPATH\CodeIgniter.php(457): CodeIgniter\CodeIgniter->tryToRouteIt(Object(CodeIgniter\Router\RouteCollection))
 4 SYSTEMPATH\CodeIgniter.php(355): CodeIgniter\CodeIgniter->handleRequest(null, Object(Config\Cache), false)
 5 SYSTEMPATH\Boot.php(312): CodeIgniter\CodeIgniter->run()
 6 SYSTEMPATH\Boot.php(67): CodeIgniter\Boot::runCodeIgniter(Object(CodeIgniter\CodeIgniter))
 7 FCPATH\index.php(56): CodeIgniter\Boot::bootWeb(Object(Config\Paths))
CRITICAL - 2025-05-29 12:49:31 --> CodeIgniter\HTTP\Exceptions\BadRequestException: The URI you submitted has disallowed characters: "actualités"
[Method: GET, Route: assets/img/actualit%C3%A9s/act3.jpg]
in SYSTEMPATH\Router\Router.php on line 736.
 1 SYSTEMPATH\Router\Router.php(203): CodeIgniter\Router\Router->checkDisallowedChars('assets/img/actualites/act3.jpg')
 2 SYSTEMPATH\CodeIgniter.php(834): CodeIgniter\Router\Router->handle('assets/img/actualites/act3.jpg')
 3 SYSTEMPATH\CodeIgniter.php(457): CodeIgniter\CodeIgniter->tryToRouteIt(Object(CodeIgniter\Router\RouteCollection))
 4 SYSTEMPATH\CodeIgniter.php(355): CodeIgniter\CodeIgniter->handleRequest(null, Object(Config\Cache), false)
 5 SYSTEMPATH\Boot.php(312): CodeIgniter\CodeIgniter->run()
 6 SYSTEMPATH\Boot.php(67): CodeIgniter\Boot::runCodeIgniter(Object(CodeIgniter\CodeIgniter))
 7 FCPATH\index.php(56): CodeIgniter\Boot::bootWeb(Object(Config\Paths))
CRITICAL - 2025-05-29 13:12:05 --> CodeIgniter\HTTP\Exceptions\BadRequestException: The URI you submitted has disallowed characters: "logo-université"
[Method: GET, Route: assets/img/logo-universit%C3%A9/UJKOL.webp]
in SYSTEMPATH\Router\Router.php on line 736.
 1 SYSTEMPATH\Router\Router.php(203): CodeIgniter\Router\Router->checkDisallowedChars('assets/img/logo-université/UJKOL.webp')
 2 SYSTEMPATH\CodeIgniter.php(834): CodeIgniter\Router\Router->handle('assets/img/logo-université/UJKOL.webp')
 3 SYSTEMPATH\CodeIgniter.php(457): CodeIgniter\CodeIgniter->tryToRouteIt(Object(CodeIgniter\Router\RouteCollection))
 4 SYSTEMPATH\CodeIgniter.php(355): CodeIgniter\CodeIgniter->handleRequest(null, Object(Config\Cache), false)
 5 SYSTEMPATH\Boot.php(312): CodeIgniter\CodeIgniter->run()
 6 SYSTEMPATH\Boot.php(67): CodeIgniter\Boot::runCodeIgniter(Object(CodeIgniter\CodeIgniter))
 7 FCPATH\index.php(56): CodeIgniter\Boot::bootWeb(Object(Config\Paths))
CRITICAL - 2025-05-29 13:12:06 --> CodeIgniter\HTTP\Exceptions\BadRequestException: The URI you submitted has disallowed characters: "logo-université"
[Method: GET, Route: assets/img/logo-universit%C3%A9/IFTR.webp]
in SYSTEMPATH\Router\Router.php on line 736.
 1 SYSTEMPATH\Router\Router.php(203): CodeIgniter\Router\Router->checkDisallowedChars('assets/img/logo-université/IFTR.webp')
 2 SYSTEMPATH\CodeIgniter.php(834): CodeIgniter\Router\Router->handle('assets/img/logo-université/IFTR.webp')
 3 SYSTEMPATH\CodeIgniter.php(457): CodeIgniter\CodeIgniter->tryToRouteIt(Object(CodeIgniter\Router\RouteCollection))
 4 SYSTEMPATH\CodeIgniter.php(355): CodeIgniter\CodeIgniter->handleRequest(null, Object(Config\Cache), false)
 5 SYSTEMPATH\Boot.php(312): CodeIgniter\CodeIgniter->run()
 6 SYSTEMPATH\Boot.php(67): CodeIgniter\Boot::runCodeIgniter(Object(CodeIgniter\CodeIgniter))
 7 FCPATH\index.php(56): CodeIgniter\Boot::bootWeb(Object(Config\Paths))
CRITICAL - 2025-05-29 13:12:06 --> CodeIgniter\HTTP\Exceptions\BadRequestException: The URI you submitted has disallowed characters: "logo-université"
[Method: GET, Route: assets/img/logo-universit%C3%A9/Institut%20Sup%C3%A9rieur%20d%27Informatique%20Chaminade.jpg]
in SYSTEMPATH\Router\Router.php on line 736.
 1 SYSTEMPATH\Router\Router.php(203): CodeIgniter\Router\Router->checkDisallowedChars('assets/img/logo-université/Institut Supérieur d\'Informatique Chaminade.jpg')
 2 SYSTEMPATH\CodeIgniter.php(834): CodeIgniter\Router\Router->handle('assets/img/logo-université/Institut Supérieur d\'Informatique Chaminade.jpg')
 3 SYSTEMPATH\CodeIgniter.php(457): CodeIgniter\CodeIgniter->tryToRouteIt(Object(CodeIgniter\Router\RouteCollection))
 4 SYSTEMPATH\CodeIgniter.php(355): CodeIgniter\CodeIgniter->handleRequest(null, Object(Config\Cache), false)
 5 SYSTEMPATH\Boot.php(312): CodeIgniter\CodeIgniter->run()
 6 SYSTEMPATH\Boot.php(67): CodeIgniter\Boot::runCodeIgniter(Object(CodeIgniter\CodeIgniter))
 7 FCPATH\index.php(56): CodeIgniter\Boot::bootWeb(Object(Config\Paths))
CRITICAL - 2025-05-29 13:12:06 --> CodeIgniter\HTTP\Exceptions\BadRequestException: The URI you submitted has disallowed characters: "logo-université"
[Method: GET, Route: assets/img/logo-universit%C3%A9/mulolwa.jpg]
in SYSTEMPATH\Router\Router.php on line 736.
 1 SYSTEMPATH\Router\Router.php(203): CodeIgniter\Router\Router->checkDisallowedChars('assets/img/logo-université/mulolwa.jpg')
 2 SYSTEMPATH\CodeIgniter.php(834): CodeIgniter\Router\Router->handle('assets/img/logo-université/mulolwa.jpg')
 3 SYSTEMPATH\CodeIgniter.php(457): CodeIgniter\CodeIgniter->tryToRouteIt(Object(CodeIgniter\Router\RouteCollection))
 4 SYSTEMPATH\CodeIgniter.php(355): CodeIgniter\CodeIgniter->handleRequest(null, Object(Config\Cache), false)
 5 SYSTEMPATH\Boot.php(312): CodeIgniter\CodeIgniter->run()
 6 SYSTEMPATH\Boot.php(67): CodeIgniter\Boot::runCodeIgniter(Object(CodeIgniter\CodeIgniter))
 7 FCPATH\index.php(56): CodeIgniter\Boot::bootWeb(Object(Config\Paths))
CRITICAL - 2025-05-29 13:12:06 --> CodeIgniter\HTTP\Exceptions\BadRequestException: The URI you submitted has disallowed characters: "logo-université"
[Method: GET, Route: assets/img/logo-universit%C3%A9/IstemSJ.jpg]
in SYSTEMPATH\Router\Router.php on line 736.
 1 SYSTEMPATH\Router\Router.php(203): CodeIgniter\Router\Router->checkDisallowedChars('assets/img/logo-université/IstemSJ.jpg')
 2 SYSTEMPATH\CodeIgniter.php(834): CodeIgniter\Router\Router->handle('assets/img/logo-université/IstemSJ.jpg')
 3 SYSTEMPATH\CodeIgniter.php(457): CodeIgniter\CodeIgniter->tryToRouteIt(Object(CodeIgniter\Router\RouteCollection))
 4 SYSTEMPATH\CodeIgniter.php(355): CodeIgniter\CodeIgniter->handleRequest(null, Object(Config\Cache), false)
 5 SYSTEMPATH\Boot.php(312): CodeIgniter\CodeIgniter->run()
 6 SYSTEMPATH\Boot.php(67): CodeIgniter\Boot::runCodeIgniter(Object(CodeIgniter\CodeIgniter))
 7 FCPATH\index.php(56): CodeIgniter\Boot::bootWeb(Object(Config\Paths))
CRITICAL - 2025-05-29 13:12:06 --> CodeIgniter\HTTP\Exceptions\BadRequestException: The URI you submitted has disallowed characters: "logo-université"
[Method: GET, Route: assets/img/logo-universit%C3%A9/universite%20catholique%20du%20congo.jpg]
in SYSTEMPATH\Router\Router.php on line 736.
 1 SYSTEMPATH\Router\Router.php(203): CodeIgniter\Router\Router->checkDisallowedChars('assets/img/logo-université/universite catholique du congo.jpg')
 2 SYSTEMPATH\CodeIgniter.php(834): CodeIgniter\Router\Router->handle('assets/img/logo-université/universite catholique du congo.jpg')
 3 SYSTEMPATH\CodeIgniter.php(457): CodeIgniter\CodeIgniter->tryToRouteIt(Object(CodeIgniter\Router\RouteCollection))
 4 SYSTEMPATH\CodeIgniter.php(355): CodeIgniter\CodeIgniter->handleRequest(null, Object(Config\Cache), false)
 5 SYSTEMPATH\Boot.php(312): CodeIgniter\CodeIgniter->run()
 6 SYSTEMPATH\Boot.php(67): CodeIgniter\Boot::runCodeIgniter(Object(CodeIgniter\CodeIgniter))
 7 FCPATH\index.php(56): CodeIgniter\Boot::bootWeb(Object(Config\Paths))
CRITICAL - 2025-05-29 13:16:29 --> CodeIgniter\HTTP\Exceptions\BadRequestException: The URI you submitted has disallowed characters: "actualités"
[Method: GET, Route: assets/img/actualit%C3%A9s/act2.jpg]
in SYSTEMPATH\Router\Router.php on line 736.
 1 SYSTEMPATH\Router\Router.php(203): CodeIgniter\Router\Router->checkDisallowedChars('assets/img/actualites/act2.jpg')
 2 SYSTEMPATH\CodeIgniter.php(834): CodeIgniter\Router\Router->handle('assets/img/actualites/act2.jpg')
 3 SYSTEMPATH\CodeIgniter.php(457): CodeIgniter\CodeIgniter->tryToRouteIt(Object(CodeIgniter\Router\RouteCollection))
 4 SYSTEMPATH\CodeIgniter.php(355): CodeIgniter\CodeIgniter->handleRequest(null, Object(Config\Cache), false)
 5 SYSTEMPATH\Boot.php(312): CodeIgniter\CodeIgniter->run()
 6 SYSTEMPATH\Boot.php(67): CodeIgniter\Boot::runCodeIgniter(Object(CodeIgniter\CodeIgniter))
 7 FCPATH\index.php(56): CodeIgniter\Boot::bootWeb(Object(Config\Paths))
ERROR - 2025-05-29 14:25:12 --> mysqli_sql_exception: Table 'funda.news' doesn't exist in C:\xampp\htdocs\Asunicaco\Backend\system\Database\MySQLi\Connection.php:308
Stack trace:
#0 C:\xampp\htdocs\Asunicaco\Backend\system\Database\MySQLi\Connection.php(308): mysqli->query('SELECT *\nFROM `...', 0)
#1 C:\xampp\htdocs\Asunicaco\Backend\system\Database\BaseConnection.php(722): CodeIgniter\Database\MySQLi\Connection->execute('SELECT *\nFROM `...')
#2 C:\xampp\htdocs\Asunicaco\Backend\system\Database\BaseConnection.php(636): CodeIgniter\Database\BaseConnection->simpleQuery('SELECT *\nFROM `...')
#3 C:\xampp\htdocs\Asunicaco\Backend\system\Database\BaseBuilder.php(1629): CodeIgniter\Database\BaseConnection->query('SELECT *\nFROM `...', Array, false)
#4 C:\xampp\htdocs\Asunicaco\Backend\system\Model.php(275): CodeIgniter\Database\BaseBuilder->get()
#5 C:\xampp\htdocs\Asunicaco\Backend\system\BaseModel.php(676): CodeIgniter\Model->doFindAll(0, 0)
#6 C:\xampp\htdocs\Asunicaco\Backend\app\Controllers\DAO\News.php(28): CodeIgniter\BaseModel->findAll()
#7 C:\xampp\htdocs\Asunicaco\Backend\app\Controllers\TheUserPageController.php(22): App\Controllers\DAO\News::getAll()
#8 C:\xampp\htdocs\Asunicaco\Backend\system\CodeIgniter.php(933): App\Controllers\TheUserPageController->index()
#9 C:\xampp\htdocs\Asunicaco\Backend\system\CodeIgniter.php(509): CodeIgniter\CodeIgniter->runController(Object(App\Controllers\TheUserPageController))
#10 C:\xampp\htdocs\Asunicaco\Backend\system\CodeIgniter.php(355): CodeIgniter\CodeIgniter->handleRequest(NULL, Object(Config\Cache), false)
#11 C:\xampp\htdocs\Asunicaco\Backend\system\Boot.php(312): CodeIgniter\CodeIgniter->run()
#12 C:\xampp\htdocs\Asunicaco\Backend\system\Boot.php(67): CodeIgniter\Boot::runCodeIgniter(Object(CodeIgniter\CodeIgniter))
#13 C:\xampp\htdocs\Asunicaco\public\index.php(56): CodeIgniter\Boot::bootWeb(Object(Config\Paths))
#14 {main}
CRITICAL - 2025-05-29 14:25:12 --> CodeIgniter\Database\Exceptions\DatabaseException: Table 'funda.news' doesn't exist
[Method: GET, Route: /]
in SYSTEMPATH\Database\BaseConnection.php on line 676.
 1 SYSTEMPATH\Database\BaseBuilder.php(1629): CodeIgniter\Database\BaseConnection->query('SELECT *
FROM `news`
WHERE `news`.`date_deleted` IS NULL', [], false)
 2 SYSTEMPATH\Model.php(275): CodeIgniter\Database\BaseBuilder->get()
 3 SYSTEMPATH\BaseModel.php(676): CodeIgniter\Model->doFindAll(0, 0)
 4 APPPATH\Controllers\DAO\News.php(28): CodeIgniter\BaseModel->findAll()
 5 APPPATH\Controllers\TheUserPageController.php(22): App\Controllers\DAO\News::getAll()
 6 SYSTEMPATH\CodeIgniter.php(933): App\Controllers\TheUserPageController->index()
 7 SYSTEMPATH\CodeIgniter.php(509): CodeIgniter\CodeIgniter->runController(Object(App\Controllers\TheUserPageController))
 8 SYSTEMPATH\CodeIgniter.php(355): CodeIgniter\CodeIgniter->handleRequest(null, Object(Config\Cache), false)
 9 SYSTEMPATH\Boot.php(312): CodeIgniter\CodeIgniter->run()
10 SYSTEMPATH\Boot.php(67): CodeIgniter\Boot::runCodeIgniter(Object(CodeIgniter\CodeIgniter))
11 FCPATH\index.php(56): CodeIgniter\Boot::bootWeb(Object(Config\Paths))
CRITICAL - 2025-05-29 14:25:12 --> [Caused by] CodeIgniter\Database\Exceptions\DatabaseException: Table 'funda.news' doesn't exist
in SYSTEMPATH\Database\MySQLi\Connection.php on line 313.
 1 SYSTEMPATH\Database\BaseConnection.php(722): CodeIgniter\Database\MySQLi\Connection->execute('SELECT *
FROM `news`
WHERE `news`.`date_deleted` IS NULL')
 2 SYSTEMPATH\Database\BaseConnection.php(636): CodeIgniter\Database\BaseConnection->simpleQuery('SELECT *
FROM `news`
WHERE `news`.`date_deleted` IS NULL')
 3 SYSTEMPATH\Database\BaseBuilder.php(1629): CodeIgniter\Database\BaseConnection->query('SELECT *
FROM `news`
WHERE `news`.`date_deleted` IS NULL', [], false)
 4 SYSTEMPATH\Model.php(275): CodeIgniter\Database\BaseBuilder->get()
 5 SYSTEMPATH\BaseModel.php(676): CodeIgniter\Model->doFindAll(0, 0)
 6 APPPATH\Controllers\DAO\News.php(28): CodeIgniter\BaseModel->findAll()
 7 APPPATH\Controllers\TheUserPageController.php(22): App\Controllers\DAO\News::getAll()
 8 SYSTEMPATH\CodeIgniter.php(933): App\Controllers\TheUserPageController->index()
 9 SYSTEMPATH\CodeIgniter.php(509): CodeIgniter\CodeIgniter->runController(Object(App\Controllers\TheUserPageController))
10 SYSTEMPATH\CodeIgniter.php(355): CodeIgniter\CodeIgniter->handleRequest(null, Object(Config\Cache), false)
11 SYSTEMPATH\Boot.php(312): CodeIgniter\CodeIgniter->run()
12 SYSTEMPATH\Boot.php(67): CodeIgniter\Boot::runCodeIgniter(Object(CodeIgniter\CodeIgniter))
13 FCPATH\index.php(56): CodeIgniter\Boot::bootWeb(Object(Config\Paths))
CRITICAL - 2025-05-29 14:25:12 --> [Caused by] mysqli_sql_exception: Table 'funda.news' doesn't exist
in SYSTEMPATH\Database\MySQLi\Connection.php on line 308.
 1 SYSTEMPATH\Database\MySQLi\Connection.php(308): mysqli->query('SELECT *
FROM `news`
WHERE `news`.`date_deleted` IS NULL', 0)
 2 SYSTEMPATH\Database\BaseConnection.php(722): CodeIgniter\Database\MySQLi\Connection->execute('SELECT *
FROM `news`
WHERE `news`.`date_deleted` IS NULL')
 3 SYSTEMPATH\Database\BaseConnection.php(636): CodeIgniter\Database\BaseConnection->simpleQuery('SELECT *
FROM `news`
WHERE `news`.`date_deleted` IS NULL')
 4 SYSTEMPATH\Database\BaseBuilder.php(1629): CodeIgniter\Database\BaseConnection->query('SELECT *
FROM `news`
WHERE `news`.`date_deleted` IS NULL', [], false)
 5 SYSTEMPATH\Model.php(275): CodeIgniter\Database\BaseBuilder->get()
 6 SYSTEMPATH\BaseModel.php(676): CodeIgniter\Model->doFindAll(0, 0)
 7 APPPATH\Controllers\DAO\News.php(28): CodeIgniter\BaseModel->findAll()
 8 APPPATH\Controllers\TheUserPageController.php(22): App\Controllers\DAO\News::getAll()
 9 SYSTEMPATH\CodeIgniter.php(933): App\Controllers\TheUserPageController->index()
10 SYSTEMPATH\CodeIgniter.php(509): CodeIgniter\CodeIgniter->runController(Object(App\Controllers\TheUserPageController))
11 SYSTEMPATH\CodeIgniter.php(355): CodeIgniter\CodeIgniter->handleRequest(null, Object(Config\Cache), false)
12 SYSTEMPATH\Boot.php(312): CodeIgniter\CodeIgniter->run()
13 SYSTEMPATH\Boot.php(67): CodeIgniter\Boot::runCodeIgniter(Object(CodeIgniter\CodeIgniter))
14 FCPATH\index.php(56): CodeIgniter\Boot::bootWeb(Object(Config\Paths))
CRITICAL - 2025-05-29 14:27:24 --> ErrorException: Undefined variable $data
[Method: GET, Route: /]
in APPPATH\Views\the_user\pages\accueil.php on line 115.
 1 APPPATH\Views\the_user\pages\accueil.php(115): CodeIgniter\Debug\Exceptions->errorHandler(2, 'Undefined variable $data', 'C:\\xampp\\htdocs\\Asunicaco\\Backend\\app\\Views\\the_user\\pages\\accueil.php', 115)
 2 SYSTEMPATH\View\View.php(234): include('C:\\xampp\\htdocs\\Asunicaco\\Backend\\app\\Views\\the_user\\pages\\accueil.php')
 3 SYSTEMPATH\View\View.php(237): CodeIgniter\View\View->CodeIgniter\View\{closure}()
 4 SYSTEMPATH\Common.php(1171): CodeIgniter\View\View->render('the_user/pages/accueil', [], true)
 5 APPPATH\Views\the_user\layout.php(57): view('the_user/pages/accueil')
 6 SYSTEMPATH\View\View.php(234): include('C:\\xampp\\htdocs\\Asunicaco\\Backend\\app\\Views\\the_user\\layout.php')
 7 SYSTEMPATH\View\View.php(237): CodeIgniter\View\View->CodeIgniter\View\{closure}()
 8 SYSTEMPATH\Common.php(1171): CodeIgniter\View\View->render('the_user/layout', [], true)
 9 APPPATH\Controllers\TheUserPageController.php(13): view('the_user/layout', [...])
10 APPPATH\Controllers\TheUserPageController.php(25): App\Controllers\TheUserPageController->render('accueil', 'Accueil | ASUNICACO', [...])
11 SYSTEMPATH\CodeIgniter.php(933): App\Controllers\TheUserPageController->index()
12 SYSTEMPATH\CodeIgniter.php(509): CodeIgniter\CodeIgniter->runController(Object(App\Controllers\TheUserPageController))
13 SYSTEMPATH\CodeIgniter.php(355): CodeIgniter\CodeIgniter->handleRequest(null, Object(Config\Cache), false)
14 SYSTEMPATH\Boot.php(312): CodeIgniter\CodeIgniter->run()
15 SYSTEMPATH\Boot.php(67): CodeIgniter\Boot::runCodeIgniter(Object(CodeIgniter\CodeIgniter))
16 FCPATH\index.php(56): CodeIgniter\Boot::bootWeb(Object(Config\Paths))
CRITICAL - 2025-05-29 14:27:42 --> ErrorException: Undefined variable $Provinces
[Method: GET, Route: /]
in APPPATH\Views\the_user\pages\accueil.php on line 115.
 1 APPPATH\Views\the_user\pages\accueil.php(115): CodeIgniter\Debug\Exceptions->errorHandler(2, 'Undefined variable $Provinces', 'C:\\xampp\\htdocs\\Asunicaco\\Backend\\app\\Views\\the_user\\pages\\accueil.php', 115)
 2 SYSTEMPATH\View\View.php(234): include('C:\\xampp\\htdocs\\Asunicaco\\Backend\\app\\Views\\the_user\\pages\\accueil.php')
 3 SYSTEMPATH\View\View.php(237): CodeIgniter\View\View->CodeIgniter\View\{closure}()
 4 SYSTEMPATH\Common.php(1171): CodeIgniter\View\View->render('the_user/pages/accueil', [], true)
 5 APPPATH\Views\the_user\layout.php(57): view('the_user/pages/accueil')
 6 SYSTEMPATH\View\View.php(234): include('C:\\xampp\\htdocs\\Asunicaco\\Backend\\app\\Views\\the_user\\layout.php')
 7 SYSTEMPATH\View\View.php(237): CodeIgniter\View\View->CodeIgniter\View\{closure}()
 8 SYSTEMPATH\Common.php(1171): CodeIgniter\View\View->render('the_user/layout', [], true)
 9 APPPATH\Controllers\TheUserPageController.php(13): view('the_user/layout', [...])
10 APPPATH\Controllers\TheUserPageController.php(25): App\Controllers\TheUserPageController->render('accueil', 'Accueil | ASUNICACO', [...])
11 SYSTEMPATH\CodeIgniter.php(933): App\Controllers\TheUserPageController->index()
12 SYSTEMPATH\CodeIgniter.php(509): CodeIgniter\CodeIgniter->runController(Object(App\Controllers\TheUserPageController))
13 SYSTEMPATH\CodeIgniter.php(355): CodeIgniter\CodeIgniter->handleRequest(null, Object(Config\Cache), false)
14 SYSTEMPATH\Boot.php(312): CodeIgniter\CodeIgniter->run()
15 SYSTEMPATH\Boot.php(67): CodeIgniter\Boot::runCodeIgniter(Object(CodeIgniter\CodeIgniter))
16 FCPATH\index.php(56): CodeIgniter\Boot::bootWeb(Object(Config\Paths))
CRITICAL - 2025-05-29 14:28:53 --> ErrorException: Undefined variable $provinces
[Method: GET, Route: /]
in APPPATH\Views\the_user\pages\accueil.php on line 115.
 1 APPPATH\Views\the_user\pages\accueil.php(115): CodeIgniter\Debug\Exceptions->errorHandler(2, 'Undefined variable $provinces', 'C:\\xampp\\htdocs\\Asunicaco\\Backend\\app\\Views\\the_user\\pages\\accueil.php', 115)
 2 SYSTEMPATH\View\View.php(234): include('C:\\xampp\\htdocs\\Asunicaco\\Backend\\app\\Views\\the_user\\pages\\accueil.php')
 3 SYSTEMPATH\View\View.php(237): CodeIgniter\View\View->CodeIgniter\View\{closure}()
 4 SYSTEMPATH\Common.php(1171): CodeIgniter\View\View->render('the_user/pages/accueil', [], true)
 5 APPPATH\Views\the_user\layout.php(57): view('the_user/pages/accueil')
 6 SYSTEMPATH\View\View.php(234): include('C:\\xampp\\htdocs\\Asunicaco\\Backend\\app\\Views\\the_user\\layout.php')
 7 SYSTEMPATH\View\View.php(237): CodeIgniter\View\View->CodeIgniter\View\{closure}()
 8 SYSTEMPATH\Common.php(1171): CodeIgniter\View\View->render('the_user/layout', [], true)
 9 APPPATH\Controllers\TheUserPageController.php(13): view('the_user/layout', [...])
10 APPPATH\Controllers\TheUserPageController.php(25): App\Controllers\TheUserPageController->render('accueil', 'Accueil | ASUNICACO', [...])
11 SYSTEMPATH\CodeIgniter.php(933): App\Controllers\TheUserPageController->index()
12 SYSTEMPATH\CodeIgniter.php(509): CodeIgniter\CodeIgniter->runController(Object(App\Controllers\TheUserPageController))
13 SYSTEMPATH\CodeIgniter.php(355): CodeIgniter\CodeIgniter->handleRequest(null, Object(Config\Cache), false)
14 SYSTEMPATH\Boot.php(312): CodeIgniter\CodeIgniter->run()
15 SYSTEMPATH\Boot.php(67): CodeIgniter\Boot::runCodeIgniter(Object(CodeIgniter\CodeIgniter))
16 FCPATH\index.php(56): CodeIgniter\Boot::bootWeb(Object(Config\Paths))
CRITICAL - 2025-05-29 14:29:53 --> ErrorException: Undefined variable $data
[Method: GET, Route: /]
in APPPATH\Views\the_user\pages\accueil.php on line 115.
 1 APPPATH\Views\the_user\pages\accueil.php(115): CodeIgniter\Debug\Exceptions->errorHandler(2, 'Undefined variable $data', 'C:\\xampp\\htdocs\\Asunicaco\\Backend\\app\\Views\\the_user\\pages\\accueil.php', 115)
 2 SYSTEMPATH\View\View.php(234): include('C:\\xampp\\htdocs\\Asunicaco\\Backend\\app\\Views\\the_user\\pages\\accueil.php')
 3 SYSTEMPATH\View\View.php(237): CodeIgniter\View\View->CodeIgniter\View\{closure}()
 4 SYSTEMPATH\Common.php(1171): CodeIgniter\View\View->render('the_user/pages/accueil', [], true)
 5 APPPATH\Views\the_user\layout.php(57): view('the_user/pages/accueil')
 6 SYSTEMPATH\View\View.php(234): include('C:\\xampp\\htdocs\\Asunicaco\\Backend\\app\\Views\\the_user\\layout.php')
 7 SYSTEMPATH\View\View.php(237): CodeIgniter\View\View->CodeIgniter\View\{closure}()
 8 SYSTEMPATH\Common.php(1171): CodeIgniter\View\View->render('the_user/layout', [], true)
 9 APPPATH\Controllers\TheUserPageController.php(13): view('the_user/layout', [...])
10 APPPATH\Controllers\TheUserPageController.php(25): App\Controllers\TheUserPageController->render('accueil', 'Accueil | ASUNICACO', [...])
11 SYSTEMPATH\CodeIgniter.php(933): App\Controllers\TheUserPageController->index()
12 SYSTEMPATH\CodeIgniter.php(509): CodeIgniter\CodeIgniter->runController(Object(App\Controllers\TheUserPageController))
13 SYSTEMPATH\CodeIgniter.php(355): CodeIgniter\CodeIgniter->handleRequest(null, Object(Config\Cache), false)
14 SYSTEMPATH\Boot.php(312): CodeIgniter\CodeIgniter->run()
15 SYSTEMPATH\Boot.php(67): CodeIgniter\Boot::runCodeIgniter(Object(CodeIgniter\CodeIgniter))
16 FCPATH\index.php(56): CodeIgniter\Boot::bootWeb(Object(Config\Paths))
CRITICAL - 2025-05-29 14:50:51 --> CodeIgniter\View\Exceptions\ViewException: Fichier non valide : the_user/pages/actualites.php
[Method: GET, Route: actualites]
in SYSTEMPATH\Exceptions\FrameworkException.php on line 41.
 1 SYSTEMPATH\View\View.php(222): CodeIgniter\Exceptions\FrameworkException::forInvalidFile('the_user/pages/actualites.php')
 2 SYSTEMPATH\Common.php(1171): CodeIgniter\View\View->render('the_user/pages/actualites', [], true)
 3 APPPATH\Views\the_user\layout.php(57): view('the_user/pages/actualites')
 4 SYSTEMPATH\View\View.php(234): include('C:\\xampp\\htdocs\\Asunicaco\\Backend\\app\\Views\\the_user\\layout.php')
 5 SYSTEMPATH\View\View.php(237): CodeIgniter\View\View->CodeIgniter\View\{closure}()
 6 SYSTEMPATH\Common.php(1171): CodeIgniter\View\View->render('the_user/layout', [], true)
 7 APPPATH\Controllers\TheUserPageController.php(13): view('the_user/layout', [...])
 8 APPPATH\Controllers\TheUserPageController.php(41): App\Controllers\TheUserPageController->render('actualites', 'Actualités | ASUNICACO')
 9 SYSTEMPATH\CodeIgniter.php(933): App\Controllers\TheUserPageController->actualites()
10 SYSTEMPATH\CodeIgniter.php(509): CodeIgniter\CodeIgniter->runController(Object(App\Controllers\TheUserPageController))
11 SYSTEMPATH\CodeIgniter.php(355): CodeIgniter\CodeIgniter->handleRequest(null, Object(Config\Cache), false)
12 SYSTEMPATH\Boot.php(312): CodeIgniter\CodeIgniter->run()
13 SYSTEMPATH\Boot.php(67): CodeIgniter\Boot::runCodeIgniter(Object(CodeIgniter\CodeIgniter))
14 FCPATH\index.php(56): CodeIgniter\Boot::bootWeb(Object(Config\Paths))
