ERROR - 2025-06-09 08:41:12 --> mysqli_sql_exception: Unknown column 'news.university' in 'on clause' in C:\xampp\htdocs\Asunicaco\Backend\system\Database\MySQLi\Connection.php:308
Stack trace:
#0 C:\xampp\htdocs\Asunicaco\Backend\system\Database\MySQLi\Connection.php(308): mysqli->query('SELECT `news`.*...', 0)
#1 C:\xampp\htdocs\Asunicaco\Backend\system\Database\BaseConnection.php(722): CodeIgniter\Database\MySQLi\Connection->execute('SELECT `news`.*...')
#2 C:\xampp\htdocs\Asunicaco\Backend\system\Database\BaseConnection.php(636): CodeIgniter\Database\BaseConnection->simpleQuery('SELECT `news`.*...')
#3 C:\xampp\htdocs\Asunicaco\Backend\system\Database\BaseBuilder.php(1629): CodeIgniter\Database\BaseConnection->query('SELECT `news`.*...', Array, false)
#4 C:\xampp\htdocs\Asunicaco\Backend\system\Model.php(207): CodeIgniter\Database\BaseBuilder->get()
#5 C:\xampp\htdocs\Asunicaco\Backend\system\BaseModel.php(610): CodeIgniter\Model->doFind(true, 5)
#6 C:\xampp\htdocs\Asunicaco\Backend\app\Controllers\DAO\News.php(68): CodeIgniter\BaseModel->find(5)
#7 C:\xampp\htdocs\Asunicaco\Backend\app\Controllers\TheUserPageController.php(78): App\Controllers\DAO\News::getById(5)
#8 C:\xampp\htdocs\Asunicaco\Backend\system\CodeIgniter.php(933): App\Controllers\TheUserPageController->actualiteDetail('5')
#9 C:\xampp\htdocs\Asunicaco\Backend\system\CodeIgniter.php(509): CodeIgniter\CodeIgniter->runController(Object(App\Controllers\TheUserPageController))
#10 C:\xampp\htdocs\Asunicaco\Backend\system\CodeIgniter.php(355): CodeIgniter\CodeIgniter->handleRequest(NULL, Object(Config\Cache), false)
#11 C:\xampp\htdocs\Asunicaco\Backend\system\Boot.php(312): CodeIgniter\CodeIgniter->run()
#12 C:\xampp\htdocs\Asunicaco\Backend\system\Boot.php(67): CodeIgniter\Boot::runCodeIgniter(Object(CodeIgniter\CodeIgniter))
#13 C:\xampp\htdocs\Asunicaco\public\index.php(56): CodeIgniter\Boot::bootWeb(Object(Config\Paths))
#14 {main}
CRITICAL - 2025-06-09 08:41:12 --> CodeIgniter\Database\Exceptions\DatabaseException: Unknown column 'news.university' in 'on clause'
[Method: GET, Route: actualiteDetail/5]
in SYSTEMPATH\Database\BaseConnection.php on line 676.
 1 SYSTEMPATH\Database\BaseBuilder.php(1629): CodeIgniter\Database\BaseConnection->query('SELECT `news`.*, `university`.`website` as `website`, `university`.`name` as `university`
FROM `news`
JOIN `university` ON `university`.`id_university` = `news`.`university`
WHERE `news`.`date_deleted` IS NULL
AND `news`.`id_news` = :news.id_news:', [...], false)
 2 SYSTEMPATH\Model.php(207): CodeIgniter\Database\BaseBuilder->get()
 3 SYSTEMPATH\BaseModel.php(610): CodeIgniter\Model->doFind(true, 5)
 4 APPPATH\Controllers\DAO\News.php(68): CodeIgniter\BaseModel->find(5)
 5 APPPATH\Controllers\TheUserPageController.php(78): App\Controllers\DAO\News::getById(5)
 6 SYSTEMPATH\CodeIgniter.php(933): App\Controllers\TheUserPageController->actualiteDetail('5')
 7 SYSTEMPATH\CodeIgniter.php(509): CodeIgniter\CodeIgniter->runController(Object(App\Controllers\TheUserPageController))
 8 SYSTEMPATH\CodeIgniter.php(355): CodeIgniter\CodeIgniter->handleRequest(null, Object(Config\Cache), false)
 9 SYSTEMPATH\Boot.php(312): CodeIgniter\CodeIgniter->run()
10 SYSTEMPATH\Boot.php(67): CodeIgniter\Boot::runCodeIgniter(Object(CodeIgniter\CodeIgniter))
11 FCPATH\index.php(56): CodeIgniter\Boot::bootWeb(Object(Config\Paths))
CRITICAL - 2025-06-09 08:41:12 --> [Caused by] CodeIgniter\Database\Exceptions\DatabaseException: Unknown column 'news.university' in 'on clause'
in SYSTEMPATH\Database\MySQLi\Connection.php on line 313.
 1 SYSTEMPATH\Database\BaseConnection.php(722): CodeIgniter\Database\MySQLi\Connection->execute('SELECT `news`.*, `university`.`website` as `website`, `university`.`name` as `university`
FROM `news`
JOIN `university` ON `university`.`id_university` = `news`.`university`
WHERE `news`.`date_deleted` IS NULL
AND `news`.`id_news` = 5')
 2 SYSTEMPATH\Database\BaseConnection.php(636): CodeIgniter\Database\BaseConnection->simpleQuery('SELECT `news`.*, `university`.`website` as `website`, `university`.`name` as `university`
FROM `news`
JOIN `university` ON `university`.`id_university` = `news`.`university`
WHERE `news`.`date_deleted` IS NULL
AND `news`.`id_news` = 5')
 3 SYSTEMPATH\Database\BaseBuilder.php(1629): CodeIgniter\Database\BaseConnection->query('SELECT `news`.*, `university`.`website` as `website`, `university`.`name` as `university`
FROM `news`
JOIN `university` ON `university`.`id_university` = `news`.`university`
WHERE `news`.`date_deleted` IS NULL
AND `news`.`id_news` = :news.id_news:', [...], false)
 4 SYSTEMPATH\Model.php(207): CodeIgniter\Database\BaseBuilder->get()
 5 SYSTEMPATH\BaseModel.php(610): CodeIgniter\Model->doFind(true, 5)
 6 APPPATH\Controllers\DAO\News.php(68): CodeIgniter\BaseModel->find(5)
 7 APPPATH\Controllers\TheUserPageController.php(78): App\Controllers\DAO\News::getById(5)
 8 SYSTEMPATH\CodeIgniter.php(933): App\Controllers\TheUserPageController->actualiteDetail('5')
 9 SYSTEMPATH\CodeIgniter.php(509): CodeIgniter\CodeIgniter->runController(Object(App\Controllers\TheUserPageController))
10 SYSTEMPATH\CodeIgniter.php(355): CodeIgniter\CodeIgniter->handleRequest(null, Object(Config\Cache), false)
11 SYSTEMPATH\Boot.php(312): CodeIgniter\CodeIgniter->run()
12 SYSTEMPATH\Boot.php(67): CodeIgniter\Boot::runCodeIgniter(Object(CodeIgniter\CodeIgniter))
13 FCPATH\index.php(56): CodeIgniter\Boot::bootWeb(Object(Config\Paths))
CRITICAL - 2025-06-09 08:41:12 --> [Caused by] mysqli_sql_exception: Unknown column 'news.university' in 'on clause'
in SYSTEMPATH\Database\MySQLi\Connection.php on line 308.
 1 SYSTEMPATH\Database\MySQLi\Connection.php(308): mysqli->query('SELECT `news`.*, `university`.`website` as `website`, `university`.`name` as `university`
FROM `news`
JOIN `university` ON `university`.`id_university` = `news`.`university`
WHERE `news`.`date_deleted` IS NULL
AND `news`.`id_news` = 5', 0)
 2 SYSTEMPATH\Database\BaseConnection.php(722): CodeIgniter\Database\MySQLi\Connection->execute('SELECT `news`.*, `university`.`website` as `website`, `university`.`name` as `university`
FROM `news`
JOIN `university` ON `university`.`id_university` = `news`.`university`
WHERE `news`.`date_deleted` IS NULL
AND `news`.`id_news` = 5')
 3 SYSTEMPATH\Database\BaseConnection.php(636): CodeIgniter\Database\BaseConnection->simpleQuery('SELECT `news`.*, `university`.`website` as `website`, `university`.`name` as `university`
FROM `news`
JOIN `university` ON `university`.`id_university` = `news`.`university`
WHERE `news`.`date_deleted` IS NULL
AND `news`.`id_news` = 5')
 4 SYSTEMPATH\Database\BaseBuilder.php(1629): CodeIgniter\Database\BaseConnection->query('SELECT `news`.*, `university`.`website` as `website`, `university`.`name` as `university`
FROM `news`
JOIN `university` ON `university`.`id_university` = `news`.`university`
WHERE `news`.`date_deleted` IS NULL
AND `news`.`id_news` = :news.id_news:', [...], false)
 5 SYSTEMPATH\Model.php(207): CodeIgniter\Database\BaseBuilder->get()
 6 SYSTEMPATH\BaseModel.php(610): CodeIgniter\Model->doFind(true, 5)
 7 APPPATH\Controllers\DAO\News.php(68): CodeIgniter\BaseModel->find(5)
 8 APPPATH\Controllers\TheUserPageController.php(78): App\Controllers\DAO\News::getById(5)
 9 SYSTEMPATH\CodeIgniter.php(933): App\Controllers\TheUserPageController->actualiteDetail('5')
10 SYSTEMPATH\CodeIgniter.php(509): CodeIgniter\CodeIgniter->runController(Object(App\Controllers\TheUserPageController))
11 SYSTEMPATH\CodeIgniter.php(355): CodeIgniter\CodeIgniter->handleRequest(null, Object(Config\Cache), false)
12 SYSTEMPATH\Boot.php(312): CodeIgniter\CodeIgniter->run()
13 SYSTEMPATH\Boot.php(67): CodeIgniter\Boot::runCodeIgniter(Object(CodeIgniter\CodeIgniter))
14 FCPATH\index.php(56): CodeIgniter\Boot::bootWeb(Object(Config\Paths))
CRITICAL - 2025-06-09 08:42:21 --> ErrorException: Undefined variable $news
[Method: GET, Route: dashboard]
in APPPATH\Views\the_admin\pages\dashboard.php on line 12.
 1 APPPATH\Views\the_admin\pages\dashboard.php(12): CodeIgniter\Debug\Exceptions->errorHandler(2, 'Undefined variable $news', 'C:\\xampp\\htdocs\\Asunicaco\\Backend\\app\\Views\\the_admin\\pages\\dashboard.php', 12)
 2 SYSTEMPATH\View\View.php(234): include('C:\\xampp\\htdocs\\Asunicaco\\Backend\\app\\Views\\the_admin\\pages\\dashboard.php')
 3 SYSTEMPATH\View\View.php(237): CodeIgniter\View\View->CodeIgniter\View\{closure}()
 4 SYSTEMPATH\Common.php(1171): CodeIgniter\View\View->render('the_admin/pages/dashboard', [], true)
 5 APPPATH\Views\the_admin\layout.php(44): view('the_admin/pages/dashboard')
 6 SYSTEMPATH\View\View.php(234): include('C:\\xampp\\htdocs\\Asunicaco\\Backend\\app\\Views\\the_admin\\layout.php')
 7 SYSTEMPATH\View\View.php(237): CodeIgniter\View\View->CodeIgniter\View\{closure}()
 8 SYSTEMPATH\Common.php(1171): CodeIgniter\View\View->render('the_admin/layout', [], true)
 9 APPPATH\Controllers\TheAdminPageController.php(11): view('the_admin/layout', [...])
10 APPPATH\Controllers\TheAdminPageController.php(20): App\Controllers\TheAdminPageController->render('dashboard', 'À propos | ASUNICACO')
11 SYSTEMPATH\CodeIgniter.php(933): App\Controllers\TheAdminPageController->dashboard()
12 SYSTEMPATH\CodeIgniter.php(509): CodeIgniter\CodeIgniter->runController(Object(App\Controllers\TheAdminPageController))
13 SYSTEMPATH\CodeIgniter.php(355): CodeIgniter\CodeIgniter->handleRequest(null, Object(Config\Cache), false)
14 SYSTEMPATH\Boot.php(312): CodeIgniter\CodeIgniter->run()
15 SYSTEMPATH\Boot.php(67): CodeIgniter\Boot::runCodeIgniter(Object(CodeIgniter\CodeIgniter))
16 FCPATH\index.php(56): CodeIgniter\Boot::bootWeb(Object(Config\Paths))
CRITICAL - 2025-06-09 11:33:50 --> CodeIgniter\View\Exceptions\ViewException: Fichier non valide : the_admin/pages/admin-admin_actualites/actualites.php
[Method: GET, Route: admin_actualites]
in SYSTEMPATH\Exceptions\FrameworkException.php on line 41.
 1 SYSTEMPATH\View\View.php(222): CodeIgniter\Exceptions\FrameworkException::forInvalidFile('the_admin/pages/admin-admin_actualites/actualites.php')
 2 SYSTEMPATH\Common.php(1171): CodeIgniter\View\View->render('the_admin/pages/admin-admin_actualites/actualites', [], true)
 3 APPPATH\Views\the_user\layout.php(58): view('the_admin/pages/admin-admin_actualites/actualites')
 4 SYSTEMPATH\View\View.php(234): include('C:\\xampp\\htdocs\\Asunicaco\\Backend\\app\\Views\\the_user\\layout.php')
 5 SYSTEMPATH\View\View.php(237): CodeIgniter\View\View->CodeIgniter\View\{closure}()
 6 SYSTEMPATH\Common.php(1171): CodeIgniter\View\View->render('the_user/layout', [], true)
 7 APPPATH\Controllers\TheAdminPageController.php(27): view('the_user/layout', [...])
 8 SYSTEMPATH\CodeIgniter.php(933): App\Controllers\TheAdminPageController->admin_actualites()
 9 SYSTEMPATH\CodeIgniter.php(509): CodeIgniter\CodeIgniter->runController(Object(App\Controllers\TheAdminPageController))
10 SYSTEMPATH\CodeIgniter.php(355): CodeIgniter\CodeIgniter->handleRequest(null, Object(Config\Cache), false)
11 SYSTEMPATH\Boot.php(312): CodeIgniter\CodeIgniter->run()
12 SYSTEMPATH\Boot.php(67): CodeIgniter\Boot::runCodeIgniter(Object(CodeIgniter\CodeIgniter))
13 FCPATH\index.php(56): CodeIgniter\Boot::bootWeb(Object(Config\Paths))
CRITICAL - 2025-06-09 11:34:22 --> CodeIgniter\View\Exceptions\ViewException: Fichier non valide : the_admin/pages/admin_actualites/actualites.php
[Method: GET, Route: admin_actualites]
in SYSTEMPATH\Exceptions\FrameworkException.php on line 41.
 1 SYSTEMPATH\View\View.php(222): CodeIgniter\Exceptions\FrameworkException::forInvalidFile('the_admin/pages/admin_actualites/actualites.php')
 2 SYSTEMPATH\Common.php(1171): CodeIgniter\View\View->render('the_admin/pages/admin_actualites/actualites', [], true)
 3 APPPATH\Views\the_user\layout.php(58): view('the_admin/pages/admin_actualites/actualites')
 4 SYSTEMPATH\View\View.php(234): include('C:\\xampp\\htdocs\\Asunicaco\\Backend\\app\\Views\\the_user\\layout.php')
 5 SYSTEMPATH\View\View.php(237): CodeIgniter\View\View->CodeIgniter\View\{closure}()
 6 SYSTEMPATH\Common.php(1171): CodeIgniter\View\View->render('the_user/layout', [], true)
 7 APPPATH\Controllers\TheAdminPageController.php(27): view('the_user/layout', [...])
 8 SYSTEMPATH\CodeIgniter.php(933): App\Controllers\TheAdminPageController->admin_actualites()
 9 SYSTEMPATH\CodeIgniter.php(509): CodeIgniter\CodeIgniter->runController(Object(App\Controllers\TheAdminPageController))
10 SYSTEMPATH\CodeIgniter.php(355): CodeIgniter\CodeIgniter->handleRequest(null, Object(Config\Cache), false)
11 SYSTEMPATH\Boot.php(312): CodeIgniter\CodeIgniter->run()
12 SYSTEMPATH\Boot.php(67): CodeIgniter\Boot::runCodeIgniter(Object(CodeIgniter\CodeIgniter))
13 FCPATH\index.php(56): CodeIgniter\Boot::bootWeb(Object(Config\Paths))
CRITICAL - 2025-06-09 11:34:27 --> CodeIgniter\View\Exceptions\ViewException: Fichier non valide : the_admin/pages/admin_actualites/actualites.php
[Method: GET, Route: admin_actualites]
in SYSTEMPATH\Exceptions\FrameworkException.php on line 41.
 1 SYSTEMPATH\View\View.php(222): CodeIgniter\Exceptions\FrameworkException::forInvalidFile('the_admin/pages/admin_actualites/actualites.php')
 2 SYSTEMPATH\Common.php(1171): CodeIgniter\View\View->render('the_admin/pages/admin_actualites/actualites', [], true)
 3 APPPATH\Views\the_user\layout.php(58): view('the_admin/pages/admin_actualites/actualites')
 4 SYSTEMPATH\View\View.php(234): include('C:\\xampp\\htdocs\\Asunicaco\\Backend\\app\\Views\\the_user\\layout.php')
 5 SYSTEMPATH\View\View.php(237): CodeIgniter\View\View->CodeIgniter\View\{closure}()
 6 SYSTEMPATH\Common.php(1171): CodeIgniter\View\View->render('the_user/layout', [], true)
 7 APPPATH\Controllers\TheAdminPageController.php(27): view('the_user/layout', [...])
 8 SYSTEMPATH\CodeIgniter.php(933): App\Controllers\TheAdminPageController->admin_actualites()
 9 SYSTEMPATH\CodeIgniter.php(509): CodeIgniter\CodeIgniter->runController(Object(App\Controllers\TheAdminPageController))
10 SYSTEMPATH\CodeIgniter.php(355): CodeIgniter\CodeIgniter->handleRequest(null, Object(Config\Cache), false)
11 SYSTEMPATH\Boot.php(312): CodeIgniter\CodeIgniter->run()
12 SYSTEMPATH\Boot.php(67): CodeIgniter\Boot::runCodeIgniter(Object(CodeIgniter\CodeIgniter))
13 FCPATH\index.php(56): CodeIgniter\Boot::bootWeb(Object(Config\Paths))
CRITICAL - 2025-06-09 11:35:29 --> CodeIgniter\View\Exceptions\ViewException: Fichier non valide : the_admin/pages/admin_actualites/actualites.php
[Method: GET, Route: admin_actualites]
in SYSTEMPATH\Exceptions\FrameworkException.php on line 41.
 1 SYSTEMPATH\View\View.php(222): CodeIgniter\Exceptions\FrameworkException::forInvalidFile('the_admin/pages/admin_actualites/actualites.php')
 2 SYSTEMPATH\Common.php(1171): CodeIgniter\View\View->render('the_admin/pages/admin_actualites/actualites', [], true)
 3 APPPATH\Views\the_user\layout.php(58): view('the_admin/pages/admin_actualites/actualites')
 4 SYSTEMPATH\View\View.php(234): include('C:\\xampp\\htdocs\\Asunicaco\\Backend\\app\\Views\\the_user\\layout.php')
 5 SYSTEMPATH\View\View.php(237): CodeIgniter\View\View->CodeIgniter\View\{closure}()
 6 SYSTEMPATH\Common.php(1171): CodeIgniter\View\View->render('the_user/layout', [], true)
 7 APPPATH\Controllers\TheAdminPageController.php(27): view('the_user/layout', [...])
 8 SYSTEMPATH\CodeIgniter.php(933): App\Controllers\TheAdminPageController->admin_actualites()
 9 SYSTEMPATH\CodeIgniter.php(509): CodeIgniter\CodeIgniter->runController(Object(App\Controllers\TheAdminPageController))
10 SYSTEMPATH\CodeIgniter.php(355): CodeIgniter\CodeIgniter->handleRequest(null, Object(Config\Cache), false)
11 SYSTEMPATH\Boot.php(312): CodeIgniter\CodeIgniter->run()
12 SYSTEMPATH\Boot.php(67): CodeIgniter\Boot::runCodeIgniter(Object(CodeIgniter\CodeIgniter))
13 FCPATH\index.php(56): CodeIgniter\Boot::bootWeb(Object(Config\Paths))
CRITICAL - 2025-06-09 11:36:22 --> CodeIgniter\View\Exceptions\ViewException: Fichier non valide : the_admin/pages/admin_actualites/.php
[Method: GET, Route: admin_actualites]
in SYSTEMPATH\Exceptions\FrameworkException.php on line 41.
 1 SYSTEMPATH\View\View.php(222): CodeIgniter\Exceptions\FrameworkException::forInvalidFile('the_admin/pages/admin_actualites/.php')
 2 SYSTEMPATH\Common.php(1171): CodeIgniter\View\View->render('the_admin/pages/admin_actualites/', [], true)
 3 APPPATH\Views\the_user\layout.php(58): view('the_admin/pages/admin_actualites/')
 4 SYSTEMPATH\View\View.php(234): include('C:\\xampp\\htdocs\\Asunicaco\\Backend\\app\\Views\\the_user\\layout.php')
 5 SYSTEMPATH\View\View.php(237): CodeIgniter\View\View->CodeIgniter\View\{closure}()
 6 SYSTEMPATH\Common.php(1171): CodeIgniter\View\View->render('the_user/layout', [], true)
 7 APPPATH\Controllers\TheAdminPageController.php(27): view('the_user/layout', [...])
 8 SYSTEMPATH\CodeIgniter.php(933): App\Controllers\TheAdminPageController->admin_actualites()
 9 SYSTEMPATH\CodeIgniter.php(509): CodeIgniter\CodeIgniter->runController(Object(App\Controllers\TheAdminPageController))
10 SYSTEMPATH\CodeIgniter.php(355): CodeIgniter\CodeIgniter->handleRequest(null, Object(Config\Cache), false)
11 SYSTEMPATH\Boot.php(312): CodeIgniter\CodeIgniter->run()
12 SYSTEMPATH\Boot.php(67): CodeIgniter\Boot::runCodeIgniter(Object(CodeIgniter\CodeIgniter))
13 FCPATH\index.php(56): CodeIgniter\Boot::bootWeb(Object(Config\Paths))
CRITICAL - 2025-06-09 11:36:24 --> CodeIgniter\View\Exceptions\ViewException: Fichier non valide : the_admin/pages/admin_actualites/.php
[Method: GET, Route: admin_actualites]
in SYSTEMPATH\Exceptions\FrameworkException.php on line 41.
 1 SYSTEMPATH\View\View.php(222): CodeIgniter\Exceptions\FrameworkException::forInvalidFile('the_admin/pages/admin_actualites/.php')
 2 SYSTEMPATH\Common.php(1171): CodeIgniter\View\View->render('the_admin/pages/admin_actualites/', [], true)
 3 APPPATH\Views\the_user\layout.php(58): view('the_admin/pages/admin_actualites/')
 4 SYSTEMPATH\View\View.php(234): include('C:\\xampp\\htdocs\\Asunicaco\\Backend\\app\\Views\\the_user\\layout.php')
 5 SYSTEMPATH\View\View.php(237): CodeIgniter\View\View->CodeIgniter\View\{closure}()
 6 SYSTEMPATH\Common.php(1171): CodeIgniter\View\View->render('the_user/layout', [], true)
 7 APPPATH\Controllers\TheAdminPageController.php(27): view('the_user/layout', [...])
 8 SYSTEMPATH\CodeIgniter.php(933): App\Controllers\TheAdminPageController->admin_actualites()
 9 SYSTEMPATH\CodeIgniter.php(509): CodeIgniter\CodeIgniter->runController(Object(App\Controllers\TheAdminPageController))
10 SYSTEMPATH\CodeIgniter.php(355): CodeIgniter\CodeIgniter->handleRequest(null, Object(Config\Cache), false)
11 SYSTEMPATH\Boot.php(312): CodeIgniter\CodeIgniter->run()
12 SYSTEMPATH\Boot.php(67): CodeIgniter\Boot::runCodeIgniter(Object(CodeIgniter\CodeIgniter))
13 FCPATH\index.php(56): CodeIgniter\Boot::bootWeb(Object(Config\Paths))
ERROR - 2025-06-09 12:26:53 --> mysqli_sql_exception: Unknown column 'news.university' in 'on clause' in C:\xampp\htdocs\Asunicaco\Backend\system\Database\MySQLi\Connection.php:308
Stack trace:
#0 C:\xampp\htdocs\Asunicaco\Backend\system\Database\MySQLi\Connection.php(308): mysqli->query('SELECT `news`.*...', 0)
#1 C:\xampp\htdocs\Asunicaco\Backend\system\Database\BaseConnection.php(722): CodeIgniter\Database\MySQLi\Connection->execute('SELECT `news`.*...')
#2 C:\xampp\htdocs\Asunicaco\Backend\system\Database\BaseConnection.php(636): CodeIgniter\Database\BaseConnection->simpleQuery('SELECT `news`.*...')
#3 C:\xampp\htdocs\Asunicaco\Backend\system\Database\BaseBuilder.php(1629): CodeIgniter\Database\BaseConnection->query('SELECT `news`.*...', Array, false)
#4 C:\xampp\htdocs\Asunicaco\Backend\system\Model.php(207): CodeIgniter\Database\BaseBuilder->get()
#5 C:\xampp\htdocs\Asunicaco\Backend\system\BaseModel.php(610): CodeIgniter\Model->doFind(true, 5)
#6 C:\xampp\htdocs\Asunicaco\Backend\app\Controllers\DAO\News.php(68): CodeIgniter\BaseModel->find(5)
#7 C:\xampp\htdocs\Asunicaco\Backend\app\Controllers\TheUserPageController.php(78): App\Controllers\DAO\News::getById(5)
#8 C:\xampp\htdocs\Asunicaco\Backend\system\CodeIgniter.php(933): App\Controllers\TheUserPageController->actualiteDetail('5')
#9 C:\xampp\htdocs\Asunicaco\Backend\system\CodeIgniter.php(509): CodeIgniter\CodeIgniter->runController(Object(App\Controllers\TheUserPageController))
#10 C:\xampp\htdocs\Asunicaco\Backend\system\CodeIgniter.php(355): CodeIgniter\CodeIgniter->handleRequest(NULL, Object(Config\Cache), false)
#11 C:\xampp\htdocs\Asunicaco\Backend\system\Boot.php(312): CodeIgniter\CodeIgniter->run()
#12 C:\xampp\htdocs\Asunicaco\Backend\system\Boot.php(67): CodeIgniter\Boot::runCodeIgniter(Object(CodeIgniter\CodeIgniter))
#13 C:\xampp\htdocs\Asunicaco\public\index.php(56): CodeIgniter\Boot::bootWeb(Object(Config\Paths))
#14 {main}
CRITICAL - 2025-06-09 12:26:53 --> CodeIgniter\Database\Exceptions\DatabaseException: Unknown column 'news.university' in 'on clause'
[Method: GET, Route: actualiteDetail/5]
in SYSTEMPATH\Database\BaseConnection.php on line 676.
 1 SYSTEMPATH\Database\BaseBuilder.php(1629): CodeIgniter\Database\BaseConnection->query('SELECT `news`.*, `university`.`website` as `website`, `university`.`name` as `university`
FROM `news`
JOIN `university` ON `university`.`id_university` = `news`.`university`
WHERE `news`.`date_deleted` IS NULL
AND `news`.`id_news` = :news.id_news:', [...], false)
 2 SYSTEMPATH\Model.php(207): CodeIgniter\Database\BaseBuilder->get()
 3 SYSTEMPATH\BaseModel.php(610): CodeIgniter\Model->doFind(true, 5)
 4 APPPATH\Controllers\DAO\News.php(68): CodeIgniter\BaseModel->find(5)
 5 APPPATH\Controllers\TheUserPageController.php(78): App\Controllers\DAO\News::getById(5)
 6 SYSTEMPATH\CodeIgniter.php(933): App\Controllers\TheUserPageController->actualiteDetail('5')
 7 SYSTEMPATH\CodeIgniter.php(509): CodeIgniter\CodeIgniter->runController(Object(App\Controllers\TheUserPageController))
 8 SYSTEMPATH\CodeIgniter.php(355): CodeIgniter\CodeIgniter->handleRequest(null, Object(Config\Cache), false)
 9 SYSTEMPATH\Boot.php(312): CodeIgniter\CodeIgniter->run()
10 SYSTEMPATH\Boot.php(67): CodeIgniter\Boot::runCodeIgniter(Object(CodeIgniter\CodeIgniter))
11 FCPATH\index.php(56): CodeIgniter\Boot::bootWeb(Object(Config\Paths))
CRITICAL - 2025-06-09 12:26:53 --> [Caused by] CodeIgniter\Database\Exceptions\DatabaseException: Unknown column 'news.university' in 'on clause'
in SYSTEMPATH\Database\MySQLi\Connection.php on line 313.
 1 SYSTEMPATH\Database\BaseConnection.php(722): CodeIgniter\Database\MySQLi\Connection->execute('SELECT `news`.*, `university`.`website` as `website`, `university`.`name` as `university`
FROM `news`
JOIN `university` ON `university`.`id_university` = `news`.`university`
WHERE `news`.`date_deleted` IS NULL
AND `news`.`id_news` = 5')
 2 SYSTEMPATH\Database\BaseConnection.php(636): CodeIgniter\Database\BaseConnection->simpleQuery('SELECT `news`.*, `university`.`website` as `website`, `university`.`name` as `university`
FROM `news`
JOIN `university` ON `university`.`id_university` = `news`.`university`
WHERE `news`.`date_deleted` IS NULL
AND `news`.`id_news` = 5')
 3 SYSTEMPATH\Database\BaseBuilder.php(1629): CodeIgniter\Database\BaseConnection->query('SELECT `news`.*, `university`.`website` as `website`, `university`.`name` as `university`
FROM `news`
JOIN `university` ON `university`.`id_university` = `news`.`university`
WHERE `news`.`date_deleted` IS NULL
AND `news`.`id_news` = :news.id_news:', [...], false)
 4 SYSTEMPATH\Model.php(207): CodeIgniter\Database\BaseBuilder->get()
 5 SYSTEMPATH\BaseModel.php(610): CodeIgniter\Model->doFind(true, 5)
 6 APPPATH\Controllers\DAO\News.php(68): CodeIgniter\BaseModel->find(5)
 7 APPPATH\Controllers\TheUserPageController.php(78): App\Controllers\DAO\News::getById(5)
 8 SYSTEMPATH\CodeIgniter.php(933): App\Controllers\TheUserPageController->actualiteDetail('5')
 9 SYSTEMPATH\CodeIgniter.php(509): CodeIgniter\CodeIgniter->runController(Object(App\Controllers\TheUserPageController))
10 SYSTEMPATH\CodeIgniter.php(355): CodeIgniter\CodeIgniter->handleRequest(null, Object(Config\Cache), false)
11 SYSTEMPATH\Boot.php(312): CodeIgniter\CodeIgniter->run()
12 SYSTEMPATH\Boot.php(67): CodeIgniter\Boot::runCodeIgniter(Object(CodeIgniter\CodeIgniter))
13 FCPATH\index.php(56): CodeIgniter\Boot::bootWeb(Object(Config\Paths))
CRITICAL - 2025-06-09 12:26:53 --> [Caused by] mysqli_sql_exception: Unknown column 'news.university' in 'on clause'
in SYSTEMPATH\Database\MySQLi\Connection.php on line 308.
 1 SYSTEMPATH\Database\MySQLi\Connection.php(308): mysqli->query('SELECT `news`.*, `university`.`website` as `website`, `university`.`name` as `university`
FROM `news`
JOIN `university` ON `university`.`id_university` = `news`.`university`
WHERE `news`.`date_deleted` IS NULL
AND `news`.`id_news` = 5', 0)
 2 SYSTEMPATH\Database\BaseConnection.php(722): CodeIgniter\Database\MySQLi\Connection->execute('SELECT `news`.*, `university`.`website` as `website`, `university`.`name` as `university`
FROM `news`
JOIN `university` ON `university`.`id_university` = `news`.`university`
WHERE `news`.`date_deleted` IS NULL
AND `news`.`id_news` = 5')
 3 SYSTEMPATH\Database\BaseConnection.php(636): CodeIgniter\Database\BaseConnection->simpleQuery('SELECT `news`.*, `university`.`website` as `website`, `university`.`name` as `university`
FROM `news`
JOIN `university` ON `university`.`id_university` = `news`.`university`
WHERE `news`.`date_deleted` IS NULL
AND `news`.`id_news` = 5')
 4 SYSTEMPATH\Database\BaseBuilder.php(1629): CodeIgniter\Database\BaseConnection->query('SELECT `news`.*, `university`.`website` as `website`, `university`.`name` as `university`
FROM `news`
JOIN `university` ON `university`.`id_university` = `news`.`university`
WHERE `news`.`date_deleted` IS NULL
AND `news`.`id_news` = :news.id_news:', [...], false)
 5 SYSTEMPATH\Model.php(207): CodeIgniter\Database\BaseBuilder->get()
 6 SYSTEMPATH\BaseModel.php(610): CodeIgniter\Model->doFind(true, 5)
 7 APPPATH\Controllers\DAO\News.php(68): CodeIgniter\BaseModel->find(5)
 8 APPPATH\Controllers\TheUserPageController.php(78): App\Controllers\DAO\News::getById(5)
 9 SYSTEMPATH\CodeIgniter.php(933): App\Controllers\TheUserPageController->actualiteDetail('5')
10 SYSTEMPATH\CodeIgniter.php(509): CodeIgniter\CodeIgniter->runController(Object(App\Controllers\TheUserPageController))
11 SYSTEMPATH\CodeIgniter.php(355): CodeIgniter\CodeIgniter->handleRequest(null, Object(Config\Cache), false)
12 SYSTEMPATH\Boot.php(312): CodeIgniter\CodeIgniter->run()
13 SYSTEMPATH\Boot.php(67): CodeIgniter\Boot::runCodeIgniter(Object(CodeIgniter\CodeIgniter))
14 FCPATH\index.php(56): CodeIgniter\Boot::bootWeb(Object(Config\Paths))
