CRITICAL - 2025-05-30 08:15:30 --> CodeIgniter\HTTP\Exceptions\BadRequestException: The URI you submitted has disallowed characters: "actualités"
[Method: GET, Route: assets/img/actualit%C3%A9s/act2.jpg]
in SYSTEMPATH\Router\Router.php on line 736.
 1 SYSTEMPATH\Router\Router.php(203): CodeIgniter\Router\Router->checkDisallowedChars('assets/img/actualités/act2.jpg')
 2 SYSTEMPATH\CodeIgniter.php(834): CodeIgniter\Router\Router->handle('assets/img/actualités/act2.jpg')
 3 SYSTEMPATH\CodeIgniter.php(457): CodeIgniter\CodeIgniter->tryToRouteIt(Object(CodeIgniter\Router\RouteCollection))
 4 SYSTEMPATH\CodeIgniter.php(355): CodeIgniter\CodeIgniter->handleRequest(null, Object(Config\Cache), false)
 5 SYSTEMPATH\Boot.php(312): CodeIgniter\CodeIgniter->run()
 6 SYSTEMPATH\Boot.php(67): CodeIgniter\Boot::runCodeIgniter(Object(CodeIgniter\CodeIgniter))
 7 FCPATH\index.php(56): CodeIgniter\Boot::bootWeb(Object(Config\Paths))
CRITICAL - 2025-05-30 09:37:15 --> ErrorException: Undefined array key "university_count"
[Method: GET, Route: provinces]
in APPPATH\Views\the_user\pages\provinces\provinces.php on line 111.
 1 APPPATH\Views\the_user\pages\provinces\provinces.php(111): CodeIgniter\Debug\Exceptions->errorHandler(2, 'Undefined array key "university_count"', 'C:\\xampp\\htdocs\\Asunicaco\\Backend\\app\\Views\\the_user\\pages\\provinces\\provinces.php', 111)
 2 SYSTEMPATH\View\View.php(234): include('C:\\xampp\\htdocs\\Asunicaco\\Backend\\app\\Views\\the_user\\pages\\provinces\\provinces.php')
 3 SYSTEMPATH\View\View.php(237): CodeIgniter\View\View->CodeIgniter\View\{closure}()
 4 SYSTEMPATH\Common.php(1171): CodeIgniter\View\View->render('the_user/pages/provinces/provinces', [], true)
 5 APPPATH\Views\the_user\layout.php(57): view('the_user/pages/provinces/provinces')
 6 SYSTEMPATH\View\View.php(234): include('C:\\xampp\\htdocs\\Asunicaco\\Backend\\app\\Views\\the_user\\layout.php')
 7 SYSTEMPATH\View\View.php(237): CodeIgniter\View\View->CodeIgniter\View\{closure}()
 8 SYSTEMPATH\Common.php(1171): CodeIgniter\View\View->render('the_user/layout', [], true)
 9 APPPATH\Controllers\TheUserPageController.php(60): view('the_user/layout', [...])
10 SYSTEMPATH\CodeIgniter.php(933): App\Controllers\TheUserPageController->provinces()
11 SYSTEMPATH\CodeIgniter.php(509): CodeIgniter\CodeIgniter->runController(Object(App\Controllers\TheUserPageController))
12 SYSTEMPATH\CodeIgniter.php(355): CodeIgniter\CodeIgniter->handleRequest(null, Object(Config\Cache), false)
13 SYSTEMPATH\Boot.php(312): CodeIgniter\CodeIgniter->run()
14 SYSTEMPATH\Boot.php(67): CodeIgniter\Boot::runCodeIgniter(Object(CodeIgniter\CodeIgniter))
15 FCPATH\index.php(56): CodeIgniter\Boot::bootWeb(Object(Config\Paths))
CRITICAL - 2025-05-30 09:37:29 --> ErrorException: Undefined array key "university_count"
[Method: GET, Route: provinces]
in APPPATH\Views\the_user\pages\provinces\provinces.php on line 111.
 1 APPPATH\Views\the_user\pages\provinces\provinces.php(111): CodeIgniter\Debug\Exceptions->errorHandler(2, 'Undefined array key "university_count"', 'C:\\xampp\\htdocs\\Asunicaco\\Backend\\app\\Views\\the_user\\pages\\provinces\\provinces.php', 111)
 2 SYSTEMPATH\View\View.php(234): include('C:\\xampp\\htdocs\\Asunicaco\\Backend\\app\\Views\\the_user\\pages\\provinces\\provinces.php')
 3 SYSTEMPATH\View\View.php(237): CodeIgniter\View\View->CodeIgniter\View\{closure}()
 4 SYSTEMPATH\Common.php(1171): CodeIgniter\View\View->render('the_user/pages/provinces/provinces', [], true)
 5 APPPATH\Views\the_user\layout.php(57): view('the_user/pages/provinces/provinces')
 6 SYSTEMPATH\View\View.php(234): include('C:\\xampp\\htdocs\\Asunicaco\\Backend\\app\\Views\\the_user\\layout.php')
 7 SYSTEMPATH\View\View.php(237): CodeIgniter\View\View->CodeIgniter\View\{closure}()
 8 SYSTEMPATH\Common.php(1171): CodeIgniter\View\View->render('the_user/layout', [], true)
 9 APPPATH\Controllers\TheUserPageController.php(60): view('the_user/layout', [...])
10 SYSTEMPATH\CodeIgniter.php(933): App\Controllers\TheUserPageController->provinces()
11 SYSTEMPATH\CodeIgniter.php(509): CodeIgniter\CodeIgniter->runController(Object(App\Controllers\TheUserPageController))
12 SYSTEMPATH\CodeIgniter.php(355): CodeIgniter\CodeIgniter->handleRequest(null, Object(Config\Cache), false)
13 SYSTEMPATH\Boot.php(312): CodeIgniter\CodeIgniter->run()
14 SYSTEMPATH\Boot.php(67): CodeIgniter\Boot::runCodeIgniter(Object(CodeIgniter\CodeIgniter))
15 FCPATH\index.php(56): CodeIgniter\Boot::bootWeb(Object(Config\Paths))
CRITICAL - 2025-05-30 09:59:00 --> Error: Class "App\Controllers\DAO\University" not found
[Method: GET, Route: provinces]
in APPPATH\Controllers\TheUserPageController.php on line 59.
 1 SYSTEMPATH\CodeIgniter.php(933): App\Controllers\TheUserPageController->provinces()
 2 SYSTEMPATH\CodeIgniter.php(509): CodeIgniter\CodeIgniter->runController(Object(App\Controllers\TheUserPageController))
 3 SYSTEMPATH\CodeIgniter.php(355): CodeIgniter\CodeIgniter->handleRequest(null, Object(Config\Cache), false)
 4 SYSTEMPATH\Boot.php(312): CodeIgniter\CodeIgniter->run()
 5 SYSTEMPATH\Boot.php(67): CodeIgniter\Boot::runCodeIgniter(Object(CodeIgniter\CodeIgniter))
 6 FCPATH\index.php(56): CodeIgniter\Boot::bootWeb(Object(Config\Paths))
CRITICAL - 2025-05-30 10:04:03 --> TypeError: App\Controllers\TheUserPageController::provinces(): Return value must be of type string, none returned
[Method: GET, Route: provinces]
in APPPATH\Controllers\TheUserPageController.php on line 66.
 1 SYSTEMPATH\CodeIgniter.php(933): App\Controllers\TheUserPageController->provinces()
 2 SYSTEMPATH\CodeIgniter.php(509): CodeIgniter\CodeIgniter->runController(Object(App\Controllers\TheUserPageController))
 3 SYSTEMPATH\CodeIgniter.php(355): CodeIgniter\CodeIgniter->handleRequest(null, Object(Config\Cache), false)
 4 SYSTEMPATH\Boot.php(312): CodeIgniter\CodeIgniter->run()
 5 SYSTEMPATH\Boot.php(67): CodeIgniter\Boot::runCodeIgniter(Object(CodeIgniter\CodeIgniter))
 6 FCPATH\index.php(56): CodeIgniter\Boot::bootWeb(Object(Config\Paths))
CRITICAL - 2025-05-30 10:10:59 --> ErrorException: Undefined array key "adress"
[Method: GET, Route: provinces]
in APPPATH\Views\the_user\pages\provinces\provinces.php on line 56.
 1 APPPATH\Views\the_user\pages\provinces\provinces.php(56): CodeIgniter\Debug\Exceptions->errorHandler(2, 'Undefined array key "adress"', 'C:\\xampp\\htdocs\\Asunicaco\\Backend\\app\\Views\\the_user\\pages\\provinces\\provinces.php', 56)
 2 SYSTEMPATH\View\View.php(234): include('C:\\xampp\\htdocs\\Asunicaco\\Backend\\app\\Views\\the_user\\pages\\provinces\\provinces.php')
 3 SYSTEMPATH\View\View.php(237): CodeIgniter\View\View->CodeIgniter\View\{closure}()
 4 SYSTEMPATH\Common.php(1171): CodeIgniter\View\View->render('the_user/pages/provinces/provinces', [], true)
 5 APPPATH\Views\the_user\layout.php(57): view('the_user/pages/provinces/provinces')
 6 SYSTEMPATH\View\View.php(234): include('C:\\xampp\\htdocs\\Asunicaco\\Backend\\app\\Views\\the_user\\layout.php')
 7 SYSTEMPATH\View\View.php(237): CodeIgniter\View\View->CodeIgniter\View\{closure}()
 8 SYSTEMPATH\Common.php(1171): CodeIgniter\View\View->render('the_user/layout', [], true)
 9 APPPATH\Controllers\TheUserPageController.php(61): view('the_user/layout', [...])
10 SYSTEMPATH\CodeIgniter.php(933): App\Controllers\TheUserPageController->provinces()
11 SYSTEMPATH\CodeIgniter.php(509): CodeIgniter\CodeIgniter->runController(Object(App\Controllers\TheUserPageController))
12 SYSTEMPATH\CodeIgniter.php(355): CodeIgniter\CodeIgniter->handleRequest(null, Object(Config\Cache), false)
13 SYSTEMPATH\Boot.php(312): CodeIgniter\CodeIgniter->run()
14 SYSTEMPATH\Boot.php(67): CodeIgniter\Boot::runCodeIgniter(Object(CodeIgniter\CodeIgniter))
15 FCPATH\index.php(56): CodeIgniter\Boot::bootWeb(Object(Config\Paths))
CRITICAL - 2025-05-30 10:22:25 --> ParseError: syntax error, unexpected token "endif"
[Method: GET, Route: provinces]
in APPPATH\Views\the_user\pages\provinces\provinces.php on line 67.
 1 SYSTEMPATH\View\View.php(237): CodeIgniter\View\View->CodeIgniter\View\{closure}()
 2 SYSTEMPATH\Common.php(1171): CodeIgniter\View\View->render('the_user/pages/provinces/provinces', [], true)
 3 APPPATH\Views\the_user\layout.php(57): view('the_user/pages/provinces/provinces')
 4 SYSTEMPATH\View\View.php(234): include('C:\\xampp\\htdocs\\Asunicaco\\Backend\\app\\Views\\the_user\\layout.php')
 5 SYSTEMPATH\View\View.php(237): CodeIgniter\View\View->CodeIgniter\View\{closure}()
 6 SYSTEMPATH\Common.php(1171): CodeIgniter\View\View->render('the_user/layout', [], true)
 7 APPPATH\Controllers\TheUserPageController.php(61): view('the_user/layout', [...])
 8 SYSTEMPATH\CodeIgniter.php(933): App\Controllers\TheUserPageController->provinces()
 9 SYSTEMPATH\CodeIgniter.php(509): CodeIgniter\CodeIgniter->runController(Object(App\Controllers\TheUserPageController))
10 SYSTEMPATH\CodeIgniter.php(355): CodeIgniter\CodeIgniter->handleRequest(null, Object(Config\Cache), false)
11 SYSTEMPATH\Boot.php(312): CodeIgniter\CodeIgniter->run()
12 SYSTEMPATH\Boot.php(67): CodeIgniter\Boot::runCodeIgniter(Object(CodeIgniter\CodeIgniter))
13 FCPATH\index.php(56): CodeIgniter\Boot::bootWeb(Object(Config\Paths))
CRITICAL - 2025-05-30 10:45:05 --> CodeIgniter\HTTP\Exceptions\BadRequestException: The URI you submitted has disallowed characters: "logo-université"
[Method: GET, Route: universite/assets/img/logo-universit%C3%A9/LOGO-UDBL2.jpg]
in SYSTEMPATH\Router\Router.php on line 736.
 1 SYSTEMPATH\Router\Router.php(203): CodeIgniter\Router\Router->checkDisallowedChars('universite/assets/img/logo-université/LOGO-UDBL2.jpg')
 2 SYSTEMPATH\CodeIgniter.php(834): CodeIgniter\Router\Router->handle('universite/assets/img/logo-université/LOGO-UDBL2.jpg')
 3 SYSTEMPATH\CodeIgniter.php(457): CodeIgniter\CodeIgniter->tryToRouteIt(Object(CodeIgniter\Router\RouteCollection))
 4 SYSTEMPATH\CodeIgniter.php(355): CodeIgniter\CodeIgniter->handleRequest(null, Object(Config\Cache), false)
 5 SYSTEMPATH\Boot.php(312): CodeIgniter\CodeIgniter->run()
 6 SYSTEMPATH\Boot.php(67): CodeIgniter\Boot::runCodeIgniter(Object(CodeIgniter\CodeIgniter))
 7 FCPATH\index.php(56): CodeIgniter\Boot::bootWeb(Object(Config\Paths))
CRITICAL - 2025-05-30 10:45:07 --> CodeIgniter\HTTP\Exceptions\BadRequestException: The URI you submitted has disallowed characters: "logo-université"
[Method: GET, Route: universite/assets/img/logo-universit%C3%A9/LOGO-UDBL2.jpg]
in SYSTEMPATH\Router\Router.php on line 736.
 1 SYSTEMPATH\Router\Router.php(203): CodeIgniter\Router\Router->checkDisallowedChars('universite/assets/img/logo-université/LOGO-UDBL2.jpg')
 2 SYSTEMPATH\CodeIgniter.php(834): CodeIgniter\Router\Router->handle('universite/assets/img/logo-université/LOGO-UDBL2.jpg')
 3 SYSTEMPATH\CodeIgniter.php(457): CodeIgniter\CodeIgniter->tryToRouteIt(Object(CodeIgniter\Router\RouteCollection))
 4 SYSTEMPATH\CodeIgniter.php(355): CodeIgniter\CodeIgniter->handleRequest(null, Object(Config\Cache), false)
 5 SYSTEMPATH\Boot.php(312): CodeIgniter\CodeIgniter->run()
 6 SYSTEMPATH\Boot.php(67): CodeIgniter\Boot::runCodeIgniter(Object(CodeIgniter\CodeIgniter))
 7 FCPATH\index.php(56): CodeIgniter\Boot::bootWeb(Object(Config\Paths))
CRITICAL - 2025-05-30 10:45:18 --> CodeIgniter\HTTP\Exceptions\BadRequestException: The URI you submitted has disallowed characters: "logo-université"
[Method: GET, Route: universite/assets/img/logo-universit%C3%A9/LOGO-UDBL2.jpg]
in SYSTEMPATH\Router\Router.php on line 736.
 1 SYSTEMPATH\Router\Router.php(203): CodeIgniter\Router\Router->checkDisallowedChars('universite/assets/img/logo-université/LOGO-UDBL2.jpg')
 2 SYSTEMPATH\CodeIgniter.php(834): CodeIgniter\Router\Router->handle('universite/assets/img/logo-université/LOGO-UDBL2.jpg')
 3 SYSTEMPATH\CodeIgniter.php(457): CodeIgniter\CodeIgniter->tryToRouteIt(Object(CodeIgniter\Router\RouteCollection))
 4 SYSTEMPATH\CodeIgniter.php(355): CodeIgniter\CodeIgniter->handleRequest(null, Object(Config\Cache), false)
 5 SYSTEMPATH\Boot.php(312): CodeIgniter\CodeIgniter->run()
 6 SYSTEMPATH\Boot.php(67): CodeIgniter\Boot::runCodeIgniter(Object(CodeIgniter\CodeIgniter))
 7 FCPATH\index.php(56): CodeIgniter\Boot::bootWeb(Object(Config\Paths))
CRITICAL - 2025-05-30 10:45:20 --> CodeIgniter\HTTP\Exceptions\BadRequestException: The URI you submitted has disallowed characters: "logo-université"
[Method: GET, Route: universite/assets/img/logo-universit%C3%A9/LOGO-UDBL2.jpg]
in SYSTEMPATH\Router\Router.php on line 736.
 1 SYSTEMPATH\Router\Router.php(203): CodeIgniter\Router\Router->checkDisallowedChars('universite/assets/img/logo-université/LOGO-UDBL2.jpg')
 2 SYSTEMPATH\CodeIgniter.php(834): CodeIgniter\Router\Router->handle('universite/assets/img/logo-université/LOGO-UDBL2.jpg')
 3 SYSTEMPATH\CodeIgniter.php(457): CodeIgniter\CodeIgniter->tryToRouteIt(Object(CodeIgniter\Router\RouteCollection))
 4 SYSTEMPATH\CodeIgniter.php(355): CodeIgniter\CodeIgniter->handleRequest(null, Object(Config\Cache), false)
 5 SYSTEMPATH\Boot.php(312): CodeIgniter\CodeIgniter->run()
 6 SYSTEMPATH\Boot.php(67): CodeIgniter\Boot::runCodeIgniter(Object(CodeIgniter\CodeIgniter))
 7 FCPATH\index.php(56): CodeIgniter\Boot::bootWeb(Object(Config\Paths))
CRITICAL - 2025-05-30 10:45:37 --> CodeIgniter\HTTP\Exceptions\BadRequestException: The URI you submitted has disallowed characters: "logo-université"
[Method: GET, Route: universite/assets/img/logo-universit%C3%A9/LOGO-UDBL2.jpg]
in SYSTEMPATH\Router\Router.php on line 736.
 1 SYSTEMPATH\Router\Router.php(203): CodeIgniter\Router\Router->checkDisallowedChars('universite/assets/img/logo-université/LOGO-UDBL2.jpg')
 2 SYSTEMPATH\CodeIgniter.php(834): CodeIgniter\Router\Router->handle('universite/assets/img/logo-université/LOGO-UDBL2.jpg')
 3 SYSTEMPATH\CodeIgniter.php(457): CodeIgniter\CodeIgniter->tryToRouteIt(Object(CodeIgniter\Router\RouteCollection))
 4 SYSTEMPATH\CodeIgniter.php(355): CodeIgniter\CodeIgniter->handleRequest(null, Object(Config\Cache), false)
 5 SYSTEMPATH\Boot.php(312): CodeIgniter\CodeIgniter->run()
 6 SYSTEMPATH\Boot.php(67): CodeIgniter\Boot::runCodeIgniter(Object(CodeIgniter\CodeIgniter))
 7 FCPATH\index.php(56): CodeIgniter\Boot::bootWeb(Object(Config\Paths))
CRITICAL - 2025-05-30 10:45:39 --> CodeIgniter\HTTP\Exceptions\BadRequestException: The URI you submitted has disallowed characters: "logo-université"
[Method: GET, Route: universite/assets/img/logo-universit%C3%A9/LOGO-UDBL2.jpg]
in SYSTEMPATH\Router\Router.php on line 736.
 1 SYSTEMPATH\Router\Router.php(203): CodeIgniter\Router\Router->checkDisallowedChars('universite/assets/img/logo-université/LOGO-UDBL2.jpg')
 2 SYSTEMPATH\CodeIgniter.php(834): CodeIgniter\Router\Router->handle('universite/assets/img/logo-université/LOGO-UDBL2.jpg')
 3 SYSTEMPATH\CodeIgniter.php(457): CodeIgniter\CodeIgniter->tryToRouteIt(Object(CodeIgniter\Router\RouteCollection))
 4 SYSTEMPATH\CodeIgniter.php(355): CodeIgniter\CodeIgniter->handleRequest(null, Object(Config\Cache), false)
 5 SYSTEMPATH\Boot.php(312): CodeIgniter\CodeIgniter->run()
 6 SYSTEMPATH\Boot.php(67): CodeIgniter\Boot::runCodeIgniter(Object(CodeIgniter\CodeIgniter))
 7 FCPATH\index.php(56): CodeIgniter\Boot::bootWeb(Object(Config\Paths))
CRITICAL - 2025-05-30 10:45:53 --> CodeIgniter\HTTP\Exceptions\BadRequestException: The URI you submitted has disallowed characters: "logo-université"
[Method: GET, Route: universite/assets/img/logo-universit%C3%A9/LOGO-UDBL2.jpg]
in SYSTEMPATH\Router\Router.php on line 736.
 1 SYSTEMPATH\Router\Router.php(203): CodeIgniter\Router\Router->checkDisallowedChars('universite/assets/img/logo-université/LOGO-UDBL2.jpg')
 2 SYSTEMPATH\CodeIgniter.php(834): CodeIgniter\Router\Router->handle('universite/assets/img/logo-université/LOGO-UDBL2.jpg')
 3 SYSTEMPATH\CodeIgniter.php(457): CodeIgniter\CodeIgniter->tryToRouteIt(Object(CodeIgniter\Router\RouteCollection))
 4 SYSTEMPATH\CodeIgniter.php(355): CodeIgniter\CodeIgniter->handleRequest(null, Object(Config\Cache), false)
 5 SYSTEMPATH\Boot.php(312): CodeIgniter\CodeIgniter->run()
 6 SYSTEMPATH\Boot.php(67): CodeIgniter\Boot::runCodeIgniter(Object(CodeIgniter\CodeIgniter))
 7 FCPATH\index.php(56): CodeIgniter\Boot::bootWeb(Object(Config\Paths))
CRITICAL - 2025-05-30 10:45:55 --> CodeIgniter\HTTP\Exceptions\BadRequestException: The URI you submitted has disallowed characters: "logo-université"
[Method: GET, Route: universite/assets/img/logo-universit%C3%A9/LOGO-UDBL2.jpg]
in SYSTEMPATH\Router\Router.php on line 736.
 1 SYSTEMPATH\Router\Router.php(203): CodeIgniter\Router\Router->checkDisallowedChars('universite/assets/img/logo-université/LOGO-UDBL2.jpg')
 2 SYSTEMPATH\CodeIgniter.php(834): CodeIgniter\Router\Router->handle('universite/assets/img/logo-université/LOGO-UDBL2.jpg')
 3 SYSTEMPATH\CodeIgniter.php(457): CodeIgniter\CodeIgniter->tryToRouteIt(Object(CodeIgniter\Router\RouteCollection))
 4 SYSTEMPATH\CodeIgniter.php(355): CodeIgniter\CodeIgniter->handleRequest(null, Object(Config\Cache), false)
 5 SYSTEMPATH\Boot.php(312): CodeIgniter\CodeIgniter->run()
 6 SYSTEMPATH\Boot.php(67): CodeIgniter\Boot::runCodeIgniter(Object(CodeIgniter\CodeIgniter))
 7 FCPATH\index.php(56): CodeIgniter\Boot::bootWeb(Object(Config\Paths))
CRITICAL - 2025-05-30 10:55:32 --> CodeIgniter\HTTP\Exceptions\BadRequestException: The URI you submitted has disallowed characters: "logo-université"
[Method: GET, Route: universite/assets/img/logo-universit%C3%A9/LOGO-UDBL2.jpg]
in SYSTEMPATH\Router\Router.php on line 736.
 1 SYSTEMPATH\Router\Router.php(203): CodeIgniter\Router\Router->checkDisallowedChars('universite/assets/img/logo-université/LOGO-UDBL2.jpg')
 2 SYSTEMPATH\CodeIgniter.php(834): CodeIgniter\Router\Router->handle('universite/assets/img/logo-université/LOGO-UDBL2.jpg')
 3 SYSTEMPATH\CodeIgniter.php(457): CodeIgniter\CodeIgniter->tryToRouteIt(Object(CodeIgniter\Router\RouteCollection))
 4 SYSTEMPATH\CodeIgniter.php(355): CodeIgniter\CodeIgniter->handleRequest(null, Object(Config\Cache), false)
 5 SYSTEMPATH\Boot.php(312): CodeIgniter\CodeIgniter->run()
 6 SYSTEMPATH\Boot.php(67): CodeIgniter\Boot::runCodeIgniter(Object(CodeIgniter\CodeIgniter))
 7 FCPATH\index.php(56): CodeIgniter\Boot::bootWeb(Object(Config\Paths))
CRITICAL - 2025-05-30 10:57:34 --> CodeIgniter\HTTP\Exceptions\BadRequestException: The URI you submitted has disallowed characters: "logo-université"
[Method: GET, Route: universite/assets/img/logo-universit%C3%A9/LOGO-UDBL2.jpg]
in SYSTEMPATH\Router\Router.php on line 736.
 1 SYSTEMPATH\Router\Router.php(203): CodeIgniter\Router\Router->checkDisallowedChars('universite/assets/img/logo-université/LOGO-UDBL2.jpg')
 2 SYSTEMPATH\CodeIgniter.php(834): CodeIgniter\Router\Router->handle('universite/assets/img/logo-université/LOGO-UDBL2.jpg')
 3 SYSTEMPATH\CodeIgniter.php(457): CodeIgniter\CodeIgniter->tryToRouteIt(Object(CodeIgniter\Router\RouteCollection))
 4 SYSTEMPATH\CodeIgniter.php(355): CodeIgniter\CodeIgniter->handleRequest(null, Object(Config\Cache), false)
 5 SYSTEMPATH\Boot.php(312): CodeIgniter\CodeIgniter->run()
 6 SYSTEMPATH\Boot.php(67): CodeIgniter\Boot::runCodeIgniter(Object(CodeIgniter\CodeIgniter))
 7 FCPATH\index.php(56): CodeIgniter\Boot::bootWeb(Object(Config\Paths))
CRITICAL - 2025-05-30 11:04:48 --> ErrorException: Undefined variable $universite
[Method: GET, Route: universite/2]
in APPPATH\Views\the_user\pages\provinces\universite.php on line 20.
 1 APPPATH\Views\the_user\pages\provinces\universite.php(20): CodeIgniter\Debug\Exceptions->errorHandler(2, 'Undefined variable $universite', 'C:\\xampp\\htdocs\\Asunicaco\\Backend\\app\\Views\\the_user\\pages\\provinces\\universite.php', 20)
 2 SYSTEMPATH\View\View.php(234): include('C:\\xampp\\htdocs\\Asunicaco\\Backend\\app\\Views\\the_user\\pages\\provinces\\universite.php')
 3 SYSTEMPATH\View\View.php(237): CodeIgniter\View\View->CodeIgniter\View\{closure}()
 4 SYSTEMPATH\Common.php(1171): CodeIgniter\View\View->render('the_user/pages/provinces/universite', [], true)
 5 APPPATH\Views\the_user\layout.php(57): view('the_user/pages/provinces/universite')
 6 SYSTEMPATH\View\View.php(234): include('C:\\xampp\\htdocs\\Asunicaco\\Backend\\app\\Views\\the_user\\layout.php')
 7 SYSTEMPATH\View\View.php(237): CodeIgniter\View\View->CodeIgniter\View\{closure}()
 8 SYSTEMPATH\Common.php(1171): CodeIgniter\View\View->render('the_user/layout', [], true)
 9 APPPATH\Controllers\TheUserPageController.php(72): view('the_user/layout', [...])
10 SYSTEMPATH\CodeIgniter.php(933): App\Controllers\TheUserPageController->universite('2')
11 SYSTEMPATH\CodeIgniter.php(509): CodeIgniter\CodeIgniter->runController(Object(App\Controllers\TheUserPageController))
12 SYSTEMPATH\CodeIgniter.php(355): CodeIgniter\CodeIgniter->handleRequest(null, Object(Config\Cache), false)
13 SYSTEMPATH\Boot.php(312): CodeIgniter\CodeIgniter->run()
14 SYSTEMPATH\Boot.php(67): CodeIgniter\Boot::runCodeIgniter(Object(CodeIgniter\CodeIgniter))
15 FCPATH\index.php(56): CodeIgniter\Boot::bootWeb(Object(Config\Paths))
CRITICAL - 2025-05-30 11:04:52 --> ErrorException: Undefined variable $universite
[Method: GET, Route: universite/2]
in APPPATH\Views\the_user\pages\provinces\universite.php on line 20.
 1 APPPATH\Views\the_user\pages\provinces\universite.php(20): CodeIgniter\Debug\Exceptions->errorHandler(2, 'Undefined variable $universite', 'C:\\xampp\\htdocs\\Asunicaco\\Backend\\app\\Views\\the_user\\pages\\provinces\\universite.php', 20)
 2 SYSTEMPATH\View\View.php(234): include('C:\\xampp\\htdocs\\Asunicaco\\Backend\\app\\Views\\the_user\\pages\\provinces\\universite.php')
 3 SYSTEMPATH\View\View.php(237): CodeIgniter\View\View->CodeIgniter\View\{closure}()
 4 SYSTEMPATH\Common.php(1171): CodeIgniter\View\View->render('the_user/pages/provinces/universite', [], true)
 5 APPPATH\Views\the_user\layout.php(57): view('the_user/pages/provinces/universite')
 6 SYSTEMPATH\View\View.php(234): include('C:\\xampp\\htdocs\\Asunicaco\\Backend\\app\\Views\\the_user\\layout.php')
 7 SYSTEMPATH\View\View.php(237): CodeIgniter\View\View->CodeIgniter\View\{closure}()
 8 SYSTEMPATH\Common.php(1171): CodeIgniter\View\View->render('the_user/layout', [], true)
 9 APPPATH\Controllers\TheUserPageController.php(72): view('the_user/layout', [...])
10 SYSTEMPATH\CodeIgniter.php(933): App\Controllers\TheUserPageController->universite('2')
11 SYSTEMPATH\CodeIgniter.php(509): CodeIgniter\CodeIgniter->runController(Object(App\Controllers\TheUserPageController))
12 SYSTEMPATH\CodeIgniter.php(355): CodeIgniter\CodeIgniter->handleRequest(null, Object(Config\Cache), false)
13 SYSTEMPATH\Boot.php(312): CodeIgniter\CodeIgniter->run()
14 SYSTEMPATH\Boot.php(67): CodeIgniter\Boot::runCodeIgniter(Object(CodeIgniter\CodeIgniter))
15 FCPATH\index.php(56): CodeIgniter\Boot::bootWeb(Object(Config\Paths))
CRITICAL - 2025-05-30 11:11:52 --> ParseError: syntax error, unexpected token "else", expecting end of file
[Method: GET, Route: universite/30]
in APPPATH\Views\the_user\pages\provinces\universite.php on line 92.
 1 SYSTEMPATH\View\View.php(237): CodeIgniter\View\View->CodeIgniter\View\{closure}()
 2 SYSTEMPATH\Common.php(1171): CodeIgniter\View\View->render('the_user/pages/provinces/universite', [], true)
 3 APPPATH\Views\the_user\layout.php(57): view('the_user/pages/provinces/universite')
 4 SYSTEMPATH\View\View.php(234): include('C:\\xampp\\htdocs\\Asunicaco\\Backend\\app\\Views\\the_user\\layout.php')
 5 SYSTEMPATH\View\View.php(237): CodeIgniter\View\View->CodeIgniter\View\{closure}()
 6 SYSTEMPATH\Common.php(1171): CodeIgniter\View\View->render('the_user/layout', [], true)
 7 APPPATH\Controllers\TheUserPageController.php(72): view('the_user/layout', [...])
 8 SYSTEMPATH\CodeIgniter.php(933): App\Controllers\TheUserPageController->universite('30')
 9 SYSTEMPATH\CodeIgniter.php(509): CodeIgniter\CodeIgniter->runController(Object(App\Controllers\TheUserPageController))
10 SYSTEMPATH\CodeIgniter.php(355): CodeIgniter\CodeIgniter->handleRequest(null, Object(Config\Cache), false)
11 SYSTEMPATH\Boot.php(312): CodeIgniter\CodeIgniter->run()
12 SYSTEMPATH\Boot.php(67): CodeIgniter\Boot::runCodeIgniter(Object(CodeIgniter\CodeIgniter))
13 FCPATH\index.php(56): CodeIgniter\Boot::bootWeb(Object(Config\Paths))
CRITICAL - 2025-05-30 11:12:14 --> ParseError: syntax error, unexpected token "else", expecting end of file
[Method: GET, Route: universite/30]
in APPPATH\Views\the_user\pages\provinces\universite.php on line 93.
 1 SYSTEMPATH\View\View.php(237): CodeIgniter\View\View->CodeIgniter\View\{closure}()
 2 SYSTEMPATH\Common.php(1171): CodeIgniter\View\View->render('the_user/pages/provinces/universite', [], true)
 3 APPPATH\Views\the_user\layout.php(57): view('the_user/pages/provinces/universite')
 4 SYSTEMPATH\View\View.php(234): include('C:\\xampp\\htdocs\\Asunicaco\\Backend\\app\\Views\\the_user\\layout.php')
 5 SYSTEMPATH\View\View.php(237): CodeIgniter\View\View->CodeIgniter\View\{closure}()
 6 SYSTEMPATH\Common.php(1171): CodeIgniter\View\View->render('the_user/layout', [], true)
 7 APPPATH\Controllers\TheUserPageController.php(72): view('the_user/layout', [...])
 8 SYSTEMPATH\CodeIgniter.php(933): App\Controllers\TheUserPageController->universite('30')
 9 SYSTEMPATH\CodeIgniter.php(509): CodeIgniter\CodeIgniter->runController(Object(App\Controllers\TheUserPageController))
10 SYSTEMPATH\CodeIgniter.php(355): CodeIgniter\CodeIgniter->handleRequest(null, Object(Config\Cache), false)
11 SYSTEMPATH\Boot.php(312): CodeIgniter\CodeIgniter->run()
12 SYSTEMPATH\Boot.php(67): CodeIgniter\Boot::runCodeIgniter(Object(CodeIgniter\CodeIgniter))
13 FCPATH\index.php(56): CodeIgniter\Boot::bootWeb(Object(Config\Paths))
